// Jest Snapshot v1, https://goo.gl/fbAQLP

exports[`Unauthenticated [snapshot] 1`] = `
<div>
  <div
    className="header"
  >
    Header
  </div>
  <div />
</div>
`;
